Earlier we have added an existing project to a git repository (with some files). Still we havent added any 
files to index (staging area) to mark that file for the commit phase. 

Adding single file to the index 
------------------------------------> 
Navigate to the folder which is the root directory (git repository) 
$ git add name_of_the_file 

Adding all modified file to the index 
------------------------------------------> 
$ git add . 





meenu@LAPTOP-IJEV9H03 MINGW64 ~/git-repos/GIT AND GITHUB (master)
$ git status
On branch master

No commits yet

Untracked files:
  (use "git add <file>..." to include in what will be committed)
        1. Introduction.txt
        2. Git - Version Control System.txt
        3. CVCS vs DVCS.txt
        4. Git History.txt
        5. Git States.txt
        6. Setup a Repository.txt
        7. Setup Name and EmailAddress for git.txt
        8. Setup Git Prompt on Windows.txt
        9. Creating an empty git repository.txt

nothing added to commit but untracked files present (use "git add" to track)

meenu@LAPTOP-IJEV9H03 MINGW64 ~/git-repos/GIT AND GITHUB (master)
$ git add Introduction.txt
fatal: pathspec 'Introduction.txt' did not match any files

meenu@LAPTOP-IJEV9H03 MINGW64 ~/git-repos/GIT AND GITHUB (master)
$ git add git add 1.\ Introduction.txt
fatal: pathspec 'git' did not match any files

meenu@LAPTOP-IJEV9H03 MINGW64 ~/git-repos/GIT AND GITHUB (master)
$ git add 1\.\ Introduction.txt

meenu@LAPTOP-IJEV9H03 MINGW64 ~/git-repos/GIT AND GITHUB (master)
$ git status
On branch master

No commits yet

Changes to be committed:
  (use "git rm --cached <file>..." to unstage)
        new file:   1. Introduction.txt

Untracked files:
  (use "git add <file>..." to include in what will be committed)
        2. Git - Version Control System.txt
        3. CVCS vs DVCS.txt
        4. Git History.txt
        5. Git States.txt
        6. Setup a Repository.txt
        7. Setup Name and EmailAddress for git.txt
        8. Setup Git Prompt on Windows.txt
        9. Creating an empty git repository.txt


meenu@LAPTOP-IJEV9H03 MINGW64 ~/git-repos/GIT AND GITHUB (master)
$ git add .

meenu@LAPTOP-IJEV9H03 MINGW64 ~/git-repos/GIT AND GITHUB (master)
$ git status
On branch master

No commits yet

Changes to be committed:
  (use "git rm --cached <file>..." to unstage)
        new file:   1. Introduction.txt
        new file:   2. Git - Version Control System.txt
        new file:   3. CVCS vs DVCS.txt
        new file:   4. Git History.txt
        new file:   5. Git States.txt
        new file:   6. Setup a Repository.txt
        new file:   7. Setup Name and EmailAddress for git.txt
        new file:   8. Setup Git Prompt on Windows.txt
        new file:   9. Creating an empty git repository.txt

